******************************************************************************
                  TI ARM Linker PC v18.12.8                    
******************************************************************************
>> Linked Wed Mar 16 21:12:23 2022

OUTPUT FILE NAME:   <Lab08_Switches_LED.out>
ENTRY POINT SYMBOL: "_c_int00_noargs"  address: 00001021


MEMORY CONFIGURATION

         name            origin    length      used     unused   attr    fill
----------------------  --------  ---------  --------  --------  ----  --------
  MAIN                  00000000   00040000  000010cc  0003ef34  R  X
  INFO                  00200000   00004000  00000000  00004000  R  X
  SRAM_CODE             01000000   00010000  0000022e  0000fdd2  RW X
  SRAM_DATA             20000000   00010000  0000022e  0000fdd2  RW  


SEGMENT ALLOCATION MAP

run origin  load origin   length   init length attrs members
----------  ----------- ---------- ----------- ----- -------
00000000    00000000    000010d0   000010d0    r-x
  00000000    00000000    000000e4   000000e4    r-- .intvecs
  000000e4    000000e4    00000fb0   00000fb0    r-x .text
  00001098    00001098    00000038   00000038    r-- .cinit
20000000    20000000    0000002e   00000000    rw-
  20000000    20000000    00000028   00000000    rw- .data
  20000028    20000028    00000006   00000000    rw- .bss
2000fe00    2000fe00    00000200   00000000    rw-
  2000fe00    2000fe00    00000200   00000000    rw- .stack


SECTION ALLOCATION MAP

 output                                  attributes/
section   page    origin      length       input sections
--------  ----  ----------  ----------   ----------------
.intvecs   0    00000000    000000e4     
                  00000000    000000e4     startup_msp432p401r_ccs.obj (.intvecs:retain)

.text      0    000000e4    00000fb0     
                  000000e4    000006c8     TExaS.obj (.text)
                  000007ac    0000032c     system_msp432p401r.obj (.text)
                  00000ad8    00000220     Lab08_LED_Switchesmain.obj (.text)
                  00000cf8    000001e0     Clock.obj (.text)
                  00000ed8    0000009c     rtsv7M4_T_le_v4SPD16_eabi.lib : memcpy_t2.asm.obj (.text)
                  00000f74    00000068                                   : copy_decompress_lzss.c.obj (.text:decompress:lzss:__TI_decompress_lzss)
                  00000fdc    00000044                                   : autoinit.c.obj (.text:__TI_auto_init_nobinit_nopinit:__TI_auto_init_nobinit_nopinit)
                  00001020    00000034                                   : boot_cortex_m.c.obj (.text:_c_int00_noargs:_c_int00_noargs)
                  00001054    0000001c                                   : copy_zero_init.c.obj (.text:decompress:ZI:__TI_zero_init_nomemset:__TI_zero_init_nomemset)
                  00001070    0000000e                                   : copy_decompress_none.c.obj (.text:decompress:none:__TI_decompress_none)
                  0000107e    0000000e     startup_msp432p401r_ccs.obj (.text)
                  0000108c    00000004     rtsv7M4_T_le_v4SPD16_eabi.lib : pre_init.c.obj (.text:_system_pre_init)
                  00001090    00000004                                   : exit.c.obj (.text:abort:abort)

.cinit     0    00001098    00000038     
                  00001098    0000000d     (.cinit..data.load) [load image, compression = lzss]
                  000010a5    00000003     --HOLE-- [fill = 0]
                  000010a8    0000000c     (__TI_handler_table)
                  000010b4    00000004     --HOLE-- [fill = 0]
                  000010b8    00000008     (.cinit..bss.load) [load image, compression = zero_init]
                  000010c0    00000010     (__TI_cinit_table)

.init_array 
*          0    00000000    00000000     UNINITIALIZED

.binit     0    00000000    00000000     

.data      0    20000000    00000028     UNINITIALIZED
                  20000000    00000018     Clock.obj (.data)
                  20000018    0000000c     TExaS.obj (.data)
                  20000024    00000004     system_msp432p401r.obj (.data)

.bss       0    20000028    00000006     UNINITIALIZED
                  20000028    00000004     (.common:PeriodicTask2)
                  2000002c    00000001     (.common:LogicData)
                  2000002d    00000001     (.common:sensor)

.stack     0    2000fe00    00000200     UNINITIALIZED
                  2000fe00    00000004     rtsv7M4_T_le_v4SPD16_eabi.lib : boot_cortex_m.c.obj (.stack)
                  2000fe04    000001fc     --HOLE--

MODULE SUMMARY

       Module                        code   ro data   rw data
       ------                        ----   -------   -------
    .\
       TExaS.obj                     1736   0         34     
       system_msp432p401r.obj        812    0         8      
       Lab08_LED_Switchesmain.obj    544    0         2      
       Clock.obj                     480    0         48     
       startup_msp432p401r_ccs.obj   14     228       0      
    +--+-----------------------------+------+---------+---------+
       Total:                        3586   228       92     
                                                             
    C:\ti\ccs1100\ccs\tools\compiler\ti-cgt-arm_18.12.8.LTS\lib\rtsv7M4_T_le_v4SPD16_eabi.lib
       memcpy_t2.asm.obj             156    0         0      
       copy_decompress_lzss.c.obj    104    0         0      
       autoinit.c.obj                68     0         0      
       boot_cortex_m.c.obj           52     0         0      
       copy_zero_init.c.obj          28     0         0      
       copy_decompress_none.c.obj    14     0         0      
       exit.c.obj                    4      0         0      
       pre_init.c.obj                4      0         0      
    +--+-----------------------------+------+---------+---------+
       Total:                        430    0         0      
                                                             
       Stack:                        0      0         1024   
       Linker Generated:             0      49        0      
    +--+-----------------------------+------+---------+---------+
       Grand Total:                  4016   277       1116   


LINKER GENERATED COPY TABLES

__TI_cinit_table @ 000010c0 records: 2, size/record: 8, table size: 16
	.data: load addr=00001098, load size=0000000d bytes, run addr=20000000, run size=00000028 bytes, compression=lzss
	.bss: load addr=000010b8, load size=00000008 bytes, run addr=20000028, run size=00000006 bytes, compression=zero_init


LINKER GENERATED HANDLER TABLE

__TI_handler_table @ 000010a8 records: 3, size/record: 4, table size: 12
	index: 0, handler: __TI_decompress_lzss
	index: 1, handler: __TI_decompress_none
	index: 2, handler: __TI_zero_init


GLOBAL SYMBOLS: SORTED ALPHABETICALLY BY Name 

address   name                                   
-------   ----                                   
0000108b  ADC14_IRQHandler                       
000004f1  ADC_Init                               
0000108b  AES256_IRQHandler                      
0000108b  BusFault_Handler                       
00001091  C$$EXIT                                
0000108b  COMP_E0_IRQHandler                     
0000108b  COMP_E1_IRQHandler                     
20000008  CPMwait                                
0000108b  CS_IRQHandler                          
20000000  ClockFrequency                         
00000e4d  Clock_Delay1ms                         
00000e23  Clock_Delay1us                         
00000e0f  Clock_GetFreq                          
00000cf9  Clock_Init48MHz                        
20000014  Crystalstable                          
0000108b  DMA_ERR_IRQHandler                     
0000108b  DMA_INT0_IRQHandler                    
0000108b  DMA_INT1_IRQHandler                    
0000108b  DMA_INT2_IRQHandler                    
0000108b  DMA_INT3_IRQHandler                    
0000108b  DebugMon_Handler                       
0000108b  Default_Handler                        
0000108b  EUSCIA0_IRQHandler                     
0000108b  EUSCIA1_IRQHandler                     
0000108b  EUSCIA2_IRQHandler                     
0000108b  EUSCIA3_IRQHandler                     
0000108b  EUSCIB0_IRQHandler                     
0000108b  EUSCIB1_IRQHandler                     
0000108b  EUSCIB2_IRQHandler                     
0000108b  EUSCIB3_IRQHandler                     
0000108b  FLCTL_IRQHandler                       
0000108b  FPU_IRQHandler                         
0000108b  HardFault_Handler                      
20000010  IFlags                                 
00000b73  LED_Init                               
00000b9f  LED_Off                                
00000b93  LED_On                                 
00000bab  LED_Toggle                             
000000e5  LogicAnalyzer                          
000000ef  LogicAnalyzer_P1                       
000001c5  LogicAnalyzer_P10                      
000000fd  LogicAnalyzer_P2                       
000001d3  LogicAnalyzer_P27_P26_P82_P92_P104_P105
0000010b  LogicAnalyzer_P2_7654                  
0000011b  LogicAnalyzer_P3                       
00000129  LogicAnalyzer_P4                       
00000147  LogicAnalyzer_P4_765320                
00000137  LogicAnalyzer_P4_765432                
0000017f  LogicAnalyzer_P5                       
0000020b  LogicAnalyzer_P55_P54_P27_P26_P37_P36  
0000018d  LogicAnalyzer_P6                       
0000019b  LogicAnalyzer_P7                       
000001a9  LogicAnalyzer_P8                       
000001b7  LogicAnalyzer_P9                       
2000002c  LogicData                              
0000108b  MemManage_Handler                      
0000108b  NMI_Handler                            
0000108b  PCM_IRQHandler                         
0000108b  PORT1_IRQHandler                       
0000108b  PORT2_IRQHandler                       
0000108b  PORT3_IRQHandler                       
0000108b  PORT4_IRQHandler                       
0000108b  PORT5_IRQHandler                       
0000108b  PORT6_IRQHandler                       
0000108b  PSS_IRQHandler                         
0000108b  PendSV_Handler                         
20000028  PeriodicTask2                          
000002b9  PeriodicTask2_Init                     
00000333  PeriodicTask2_Stop                     
2000000c  Postwait                               
20000004  Prewait                                
00000ad9  Program8_1                             
00000b1f  Program8_2                             
00000bb7  Program8_3                             
00000bcb  Program8_4                             
0000108b  RTC_C_IRQHandler                       
0000107f  Reset_Handler                          
0000108b  SVC_Handler                            
00000235  Scope                                  
00000be1  Security_Init                          
00000c99  Security_InputActivate                 
00000c9d  Security_InputSensors                  
00000cbd  Security_OutputAlarm                   
00000cc9  Security_ToggleAlarm                   
0000108b  SysTick_Handler                        
20000024  SystemCoreClock                        
000007ad  SystemCoreClockUpdate                  
00000a21  SystemInit                             
00000323  T32_INT1_IRQHandler                    
00000323  T32_INT1_IRQHandler                    
0000108b  T32_INT2_IRQHandler                    
0000108b  T32_INTC_IRQHandler                    
0000108b  TA0_0_IRQHandler                       
0000108b  TA0_N_IRQHandler                       
0000108b  TA1_0_IRQHandler                       
0000108b  TA1_N_IRQHandler                       
0000108b  TA2_0_IRQHandler                       
0000108b  TA2_N_IRQHandler                       
0000108b  TA3_0_IRQHandler                       
0000108b  TA3_N_IRQHandler                       
00000485  TExaS_Clear0                           
00000491  TExaS_Clear1                           
000004a5  TExaS_Clear2                           
000004b1  TExaS_Clear3                           
000004bd  TExaS_Clear4                           
000004bf  TExaS_Clear5                           
000004cb  TExaS_Clear6                           
000005b5  TExaS_Init                             
2000001c  TExaS_ScopeErrConflict                 
20000018  TExaS_ScopeErrLostData                 
20000020  TExaS_ScopeWrnReconfig                 
00000413  TExaS_Set                              
0000042b  TExaS_Set0                             
00000437  TExaS_Set1                             
00000443  TExaS_Set2                             
0000044f  TExaS_Set3                             
0000045b  TExaS_Set4                             
0000045d  TExaS_Set5                             
00000475  TExaS_Set6                             
00000741  TExaS_Stop                             
000003c9  TExaS_Task0                            
000003d5  TExaS_Task1                            
000003e1  TExaS_Task2                            
000003ed  TExaS_Task3                            
000003f9  TExaS_Task4                            
000003fb  TExaS_Task5                            
00000407  TExaS_Task6                            
0000039d  UART_InChar                            
00000343  UART_Init                              
000003ad  UART_OutChar                           
0000108b  UsageFault_Handler                     
4000480c  WDTCTL_SYM                             
0000108b  WDT_A_IRQHandler                       
20010000  __STACK_END                            
00000200  __STACK_SIZE                           
000010c0  __TI_CINIT_Base                        
000010d0  __TI_CINIT_Limit                       
000010a8  __TI_Handler_Table_Base                
000010b4  __TI_Handler_Table_Limit               
00000fdd  __TI_auto_init_nobinit_nopinit         
00000f75  __TI_decompress_lzss                   
00001071  __TI_decompress_none                   
ffffffff  __TI_pprof_out_hndl                    
ffffffff  __TI_prof_data_size                    
ffffffff  __TI_prof_data_start                   
00000000  __TI_static_base__                     
00001055  __TI_zero_init_nomemset                
00000ed9  __aeabi_memcpy                         
00000ed9  __aeabi_memcpy4                        
00000ed9  __aeabi_memcpy8                        
ffffffff  __binit__                              
ffffffff  __c_args__                             
UNDEFED   __mpu_init                             
2000fe00  __stack                                
00001021  _c_int00_noargs                        
UNDEFED   _system_post_cinit                     
0000108d  _system_pre_init                       
00001091  abort                                  
ffffffff  binit                                  
00000e15  delay                                  
00000000  interruptVectors                       
00000ccb  main                                   
00000ed9  memcpy                                 
2000002d  sensor                                 


GLOBAL SYMBOLS: SORTED BY Symbol Address 

address   name                                   
-------   ----                                   
00000000  __TI_static_base__                     
00000000  interruptVectors                       
000000e5  LogicAnalyzer                          
000000ef  LogicAnalyzer_P1                       
000000fd  LogicAnalyzer_P2                       
0000010b  LogicAnalyzer_P2_7654                  
0000011b  LogicAnalyzer_P3                       
00000129  LogicAnalyzer_P4                       
00000137  LogicAnalyzer_P4_765432                
00000147  LogicAnalyzer_P4_765320                
0000017f  LogicAnalyzer_P5                       
0000018d  LogicAnalyzer_P6                       
0000019b  LogicAnalyzer_P7                       
000001a9  LogicAnalyzer_P8                       
000001b7  LogicAnalyzer_P9                       
000001c5  LogicAnalyzer_P10                      
000001d3  LogicAnalyzer_P27_P26_P82_P92_P104_P105
00000200  __STACK_SIZE                           
0000020b  LogicAnalyzer_P55_P54_P27_P26_P37_P36  
00000235  Scope                                  
000002b9  PeriodicTask2_Init                     
00000323  T32_INT1_IRQHandler                    
00000323  T32_INT1_IRQHandler                    
00000333  PeriodicTask2_Stop                     
00000343  UART_Init                              
0000039d  UART_InChar                            
000003ad  UART_OutChar                           
000003c9  TExaS_Task0                            
000003d5  TExaS_Task1                            
000003e1  TExaS_Task2                            
000003ed  TExaS_Task3                            
000003f9  TExaS_Task4                            
000003fb  TExaS_Task5                            
00000407  TExaS_Task6                            
00000413  TExaS_Set                              
0000042b  TExaS_Set0                             
00000437  TExaS_Set1                             
00000443  TExaS_Set2                             
0000044f  TExaS_Set3                             
0000045b  TExaS_Set4                             
0000045d  TExaS_Set5                             
00000475  TExaS_Set6                             
00000485  TExaS_Clear0                           
00000491  TExaS_Clear1                           
000004a5  TExaS_Clear2                           
000004b1  TExaS_Clear3                           
000004bd  TExaS_Clear4                           
000004bf  TExaS_Clear5                           
000004cb  TExaS_Clear6                           
000004f1  ADC_Init                               
000005b5  TExaS_Init                             
00000741  TExaS_Stop                             
000007ad  SystemCoreClockUpdate                  
00000a21  SystemInit                             
00000ad9  Program8_1                             
00000b1f  Program8_2                             
00000b73  LED_Init                               
00000b93  LED_On                                 
00000b9f  LED_Off                                
00000bab  LED_Toggle                             
00000bb7  Program8_3                             
00000bcb  Program8_4                             
00000be1  Security_Init                          
00000c99  Security_InputActivate                 
00000c9d  Security_InputSensors                  
00000cbd  Security_OutputAlarm                   
00000cc9  Security_ToggleAlarm                   
00000ccb  main                                   
00000cf9  Clock_Init48MHz                        
00000e0f  Clock_GetFreq                          
00000e15  delay                                  
00000e23  Clock_Delay1us                         
00000e4d  Clock_Delay1ms                         
00000ed9  __aeabi_memcpy                         
00000ed9  __aeabi_memcpy4                        
00000ed9  __aeabi_memcpy8                        
00000ed9  memcpy                                 
00000f75  __TI_decompress_lzss                   
00000fdd  __TI_auto_init_nobinit_nopinit         
00001021  _c_int00_noargs                        
00001055  __TI_zero_init_nomemset                
00001071  __TI_decompress_none                   
0000107f  Reset_Handler                          
0000108b  ADC14_IRQHandler                       
0000108b  AES256_IRQHandler                      
0000108b  BusFault_Handler                       
0000108b  COMP_E0_IRQHandler                     
0000108b  COMP_E1_IRQHandler                     
0000108b  CS_IRQHandler                          
0000108b  DMA_ERR_IRQHandler                     
0000108b  DMA_INT0_IRQHandler                    
0000108b  DMA_INT1_IRQHandler                    
0000108b  DMA_INT2_IRQHandler                    
0000108b  DMA_INT3_IRQHandler                    
0000108b  DebugMon_Handler                       
0000108b  Default_Handler                        
0000108b  EUSCIA0_IRQHandler                     
0000108b  EUSCIA1_IRQHandler                     
0000108b  EUSCIA2_IRQHandler                     
0000108b  EUSCIA3_IRQHandler                     
0000108b  EUSCIB0_IRQHandler                     
0000108b  EUSCIB1_IRQHandler                     
0000108b  EUSCIB2_IRQHandler                     
0000108b  EUSCIB3_IRQHandler                     
0000108b  FLCTL_IRQHandler                       
0000108b  FPU_IRQHandler                         
0000108b  HardFault_Handler                      
0000108b  MemManage_Handler                      
0000108b  NMI_Handler                            
0000108b  PCM_IRQHandler                         
0000108b  PORT1_IRQHandler                       
0000108b  PORT2_IRQHandler                       
0000108b  PORT3_IRQHandler                       
0000108b  PORT4_IRQHandler                       
0000108b  PORT5_IRQHandler                       
0000108b  PORT6_IRQHandler                       
0000108b  PSS_IRQHandler                         
0000108b  PendSV_Handler                         
0000108b  RTC_C_IRQHandler                       
0000108b  SVC_Handler                            
0000108b  SysTick_Handler                        
0000108b  T32_INT2_IRQHandler                    
0000108b  T32_INTC_IRQHandler                    
0000108b  TA0_0_IRQHandler                       
0000108b  TA0_N_IRQHandler                       
0000108b  TA1_0_IRQHandler                       
0000108b  TA1_N_IRQHandler                       
0000108b  TA2_0_IRQHandler                       
0000108b  TA2_N_IRQHandler                       
0000108b  TA3_0_IRQHandler                       
0000108b  TA3_N_IRQHandler                       
0000108b  UsageFault_Handler                     
0000108b  WDT_A_IRQHandler                       
0000108d  _system_pre_init                       
00001091  C$$EXIT                                
00001091  abort                                  
000010a8  __TI_Handler_Table_Base                
000010b4  __TI_Handler_Table_Limit               
000010c0  __TI_CINIT_Base                        
000010d0  __TI_CINIT_Limit                       
20000000  ClockFrequency                         
20000004  Prewait                                
20000008  CPMwait                                
2000000c  Postwait                               
20000010  IFlags                                 
20000014  Crystalstable                          
20000018  TExaS_ScopeErrLostData                 
2000001c  TExaS_ScopeErrConflict                 
20000020  TExaS_ScopeWrnReconfig                 
20000024  SystemCoreClock                        
20000028  PeriodicTask2                          
2000002c  LogicData                              
2000002d  sensor                                 
2000fe00  __stack                                
20010000  __STACK_END                            
4000480c  WDTCTL_SYM                             
ffffffff  __TI_pprof_out_hndl                    
ffffffff  __TI_prof_data_size                    
ffffffff  __TI_prof_data_start                   
ffffffff  __binit__                              
ffffffff  __c_args__                             
ffffffff  binit                                  
UNDEFED   __mpu_init                             
UNDEFED   _system_post_cinit                     

[164 symbols]
